// Jest Snapshot v1, https://goo.gl/fbAQLP

exports[`formData() should return default values of correct types for anime 1`] = `
Object {
  "add_anime%5Bcomments%5D": "comments",
  "add_anime%5Bfinish_date%5D%5Bday%5D": "1",
  "add_anime%5Bfinish_date%5D%5Bmonth%5D": "1",
  "add_anime%5Bfinish_date%5D%5Byear%5D": "99",
  "add_anime%5Bis_asked_to_discuss%5D": "0",
  "add_anime%5Bnum_watched_episodes%5D": "12",
  "add_anime%5Bnum_watched_times%5D": "1",
  "add_anime%5Bpriority%5D": "0",
  "add_anime%5Brewatch_value%5D": "0",
  "add_anime%5Bscore%5D": "10",
  "add_anime%5Bsns_post_type%5D": "0",
  "add_anime%5Bstart_date%5D%5Bday%5D": "1",
  "add_anime%5Bstart_date%5D%5Bmonth%5D": "1",
  "add_anime%5Bstart_date%5D%5Byear%5D": "99",
  "add_anime%5Bstatus%5D": "2",
  "add_anime%5Bstorage_type%5D": "0",
  "add_anime%5Bstorage_value%5D": "0",
  "add_anime%5Btags%5D": "",
  "aeps": "12",
  "anime_id": "1",
  "astatus": "2",
  "csrf_token": "csrfToken",
  "g-recaptcha-response": "captcha",
  "submitIt": "0",
}
`;

exports[`formData() should return default values of correct types for manga 1`] = `
Object {
  "add_manga%5Bcomments%5D": "comments",
  "add_manga%5Bfinish_date%5D%5Bday%5D": "1",
  "add_manga%5Bfinish_date%5D%5Bmonth%5D": "1",
  "add_manga%5Bfinish_date%5D%5Byear%5D": "99",
  "add_manga%5Bis_asked_to_discuss%5D": "0",
  "add_manga%5Bnum_read_chapters%5D": "12",
  "add_manga%5Bnum_read_times%5D": "1",
  "add_manga%5Bnum_read_volumes%5D": "2",
  "add_manga%5Bnum_retail_volumes%5D": "0",
  "add_manga%5Bpriority%5D": "0",
  "add_manga%5Breread_value%5D": "0",
  "add_manga%5Bscore%5D": "10",
  "add_manga%5Bsns_post_type%5D": "0",
  "add_manga%5Bstart_date%5D%5Bday%5D": "1",
  "add_manga%5Bstart_date%5D%5Bmonth%5D": "1",
  "add_manga%5Bstart_date%5D%5Byear%5D": "99",
  "add_manga%5Bstatus%5D": "2",
  "add_manga%5Bstorage_type%5D": "0",
  "add_manga%5Btags%5D": "",
  "csrf_token": "csrfToken",
  "entry_id": "0",
  "g-recaptcha-response": "captcha",
  "last_completed_vol": "",
  "manga_id": "2",
  "submitIt": "0",
}
`;
